<!DOCTYPE html ><html><head><meta http-equiv="X-UA-Compatible" content="IE=edge"/><meta content="width=device-width, initial-scale=1.0, maximum-scale=1.0, user-scalable=no" name="viewport"/><title></title><meta content="" name="description"/><meta content="" name="keywords"/><meta http-equiv="content-type" content="text/html; charset=UTF-8"/><link href="../../../lib/index.css" media="screen" type="text/css" rel="stylesheet"/><link href="../../../lib/template.css" media="screen" type="text/css" rel="stylesheet"/><link href="../../../lib/print.css" media="print" type="text/css" rel="stylesheet"/><link href="../../../lib/diagrams.css" media="screen" type="text/css" rel="stylesheet" id="diagrams-css"/><script type="text/javascript" src="../../../lib/jquery.min.js"></script><script type="text/javascript" src="../../../lib/index.js"></script><script type="text/javascript" src="../../../index.js"></script><script type="text/javascript" src="../../../lib/scheduler.js"></script><script type="text/javascript" src="../../../lib/template.js"></script><script type="text/javascript">/* this variable can be used by the JS to determine the path to the root document */
var toRoot = '../../../';</script></head><body><div id="search"><span id="doc-title"><span id="doc-version"></span></span> <span class="close-results"><span class="left">&lt;</span> Back</span><div id="textfilter"><span class="input"><input autocapitalize="none" placeholder="Search" id="index-input" type="text" accesskey="/"/><i class="clear material-icons"></i><i id="search-icon" class="material-icons"></i></span></div></div><div id="search-results"><div id="search-progress"><div id="progress-fill"></div></div><div id="results-content"><div id="entity-results"></div><div id="member-results"></div></div></div><div id="content-scroll-container" style="-webkit-overflow-scrolling: touch;"><div id="content-container" style="-webkit-overflow-scrolling: touch;"><div id="subpackage-spacer"><div id="packages"><h1>Packages</h1><ul><li class="indented0 " name="_root_.root" group="Ungrouped" fullComment="yes" data-isabs="false" visbl="pub"><a id="_root_" class="anchorToMember"></a><a id="root:_root_" class="anchorToMember"></a> <span class="permalink"><a href="../../../index.html" title="Permalink"><i class="material-icons"></i></a></span> <span class="modifier_kind"><span class="modifier"></span> <span class="kind">package</span></span> <span class="symbol"><a href="../../../index.html" title=""><span class="name">root</span></a></span><div class="fullcomment"><dl class="attributes block"><dt>Definition Classes</dt><dd><a href="../../../index.html" name="_root_" id="_root_" class="extype">root</a></dd></dl></div></li><li class="indented1 " name="_root_.zio" group="Ungrouped" fullComment="yes" data-isabs="false" visbl="pub"><a id="zio" class="anchorToMember"></a><a id="zio:zio" class="anchorToMember"></a> <span class="permalink"><a href="../../../zio/index.html" title="Permalink"><i class="material-icons"></i></a></span> <span class="modifier_kind"><span class="modifier"></span> <span class="kind">package</span></span> <span class="symbol"><a href="../../index.html" title=""><span class="name">zio</span></a></span><div class="fullcomment"><dl class="attributes block"><dt>Definition Classes</dt><dd><a href="../../../index.html" name="_root_" id="_root_" class="extype">root</a></dd></dl></div></li><li class="indented2 " name="zio.json" group="Ungrouped" fullComment="yes" data-isabs="false" visbl="pub"><a id="json" class="anchorToMember"></a><a id="json:json" class="anchorToMember"></a> <span class="permalink"><a href="../../../zio/json/index.html" title="Permalink"><i class="material-icons"></i></a></span> <span class="modifier_kind"><span class="modifier"></span> <span class="kind">package</span></span> <span class="symbol"><a href="../index.html" title=""><span class="name">json</span></a></span><div class="fullcomment"><dl class="attributes block"><dt>Definition Classes</dt><dd><a href="../../index.html" name="zio" id="zio" class="extype">zio</a></dd></dl></div></li><li class="indented3 " name="zio.json.ast" group="Ungrouped" fullComment="yes" data-isabs="false" visbl="pub"><a id="ast" class="anchorToMember"></a><a id="ast:ast" class="anchorToMember"></a> <span class="permalink"><a href="../../../zio/json/ast/index.html" title="Permalink"><i class="material-icons"></i></a></span> <span class="modifier_kind"><span class="modifier"></span> <span class="kind">package</span></span> <span class="symbol"><a href="../ast/index.html" title=""><span class="name">ast</span></a></span><div class="fullcomment"><dl class="attributes block"><dt>Definition Classes</dt><dd><a href="../index.html" name="zio.json" id="zio.json" class="extype">json</a></dd></dl></div></li><li class="indented3 " name="zio.json.codegen" group="Ungrouped" fullComment="yes" data-isabs="false" visbl="pub"><a id="codegen" class="anchorToMember"></a><a id="codegen:codegen" class="anchorToMember"></a> <span class="permalink"><a href="../../../zio/json/codegen/index.html" title="Permalink"><i class="material-icons"></i></a></span> <span class="modifier_kind"><span class="modifier"></span> <span class="kind">package</span></span> <span class="symbol"><a href="../codegen/index.html" title=""><span class="name">codegen</span></a></span><div class="fullcomment"><dl class="attributes block"><dt>Definition Classes</dt><dd><a href="../index.html" name="zio.json" id="zio.json" class="extype">json</a></dd></dl></div></li><li class="indented3 current" name="zio.json.golden" group="Ungrouped" fullComment="yes" data-isabs="false" visbl="pub"><a id="golden" class="anchorToMember"></a><a id="golden:golden" class="anchorToMember"></a> <span class="permalink"><a href="../../../zio/json/golden/index.html" title="Permalink"><i class="material-icons"></i></a></span> <span class="modifier_kind"><span class="modifier"></span> <span class="kind">package</span></span> <span class="symbol"><span class="name">golden</span></span><div class="fullcomment"><dl class="attributes block"><dt>Definition Classes</dt><dd><a href="../index.html" name="zio.json" id="zio.json" class="extype">json</a></dd></dl></div></li><li class="current-entities indented3"><span class="separator"></span> <a href="BuildInfo$.html" title="This object was generated by sbt-buildinfo." class="object"></a><a href="BuildInfo$.html" title="This object was generated by sbt-buildinfo.">BuildInfo</a></li><li class="current-entities indented3"><a href="GoldenConfiguration$.html" title="" class="object"></a> <a href="GoldenConfiguration.html" title="" class="class"></a><a href="GoldenConfiguration.html" title="">GoldenConfiguration</a></li><li class="current-entities indented3"><a href="GoldenSample$.html" title="" class="object"></a> <a href="GoldenSample.html" title="" class="class"></a><a href="GoldenSample.html" title="">GoldenSample</a></li><li class="current-entities indented3"><span class="separator"></span> <a href="filehelpers$.html" title="" class="object"></a><a href="filehelpers$.html" title="">filehelpers</a></li><li class="indented3 " name="zio.json.internal" group="Ungrouped" fullComment="yes" data-isabs="false" visbl="pub"><a id="internal" class="anchorToMember"></a><a id="internal:internal" class="anchorToMember"></a> <span class="permalink"><a href="../../../zio/json/internal/index.html" title="Permalink"><i class="material-icons"></i></a></span> <span class="modifier_kind"><span class="modifier"></span> <span class="kind">package</span></span> <span class="symbol"><a href="../internal/index.html" title=""><span class="name">internal</span></a></span><div class="fullcomment"><dl class="attributes block"><dt>Definition Classes</dt><dd><a href="../index.html" name="zio.json" id="zio.json" class="extype">json</a></dd></dl></div></li><li class="indented3 " name="zio.json.interop" group="Ungrouped" fullComment="yes" data-isabs="false" visbl="pub"><a id="interop" class="anchorToMember"></a><a id="interop:interop" class="anchorToMember"></a> <span class="permalink"><a href="../../../zio/json/interop/index.html" title="Permalink"><i class="material-icons"></i></a></span> <span class="modifier_kind"><span class="modifier"></span> <span class="kind">package</span></span> <span class="symbol"><a href="../interop/index.html" title=""><span class="name">interop</span></a></span><div class="fullcomment"><dl class="attributes block"><dt>Definition Classes</dt><dd><a href="../index.html" name="zio.json" id="zio.json" class="extype">json</a></dd></dl></div></li><li class="indented3 " name="zio.json.yaml" group="Ungrouped" fullComment="yes" data-isabs="false" visbl="pub"><a id="yaml" class="anchorToMember"></a><a id="yaml:yaml" class="anchorToMember"></a> <span class="permalink"><a href="../../../zio/json/yaml/index.html" title="Permalink"><i class="material-icons"></i></a></span> <span class="modifier_kind"><span class="modifier"></span> <span class="kind">package</span></span> <span class="symbol"><a href="../yaml/index.html" title=""><span class="name">yaml</span></a></span><div class="fullcomment"><dl class="attributes block"><dt>Definition Classes</dt><dd><a href="../index.html" name="zio.json" id="zio.json" class="extype">json</a></dd></dl></div></li></ul></div></div><div id="content"><body class="package value"><div id="definition"><div class="big-circle package">p</div><p id="owner"><a href="../../index.html" name="zio" id="zio" class="extype">zio</a>.<a href="../index.html" name="zio.json" id="zio.json" class="extype">json</a></p><h1>golden<span class="permalink"><a href="../../../zio/json/golden/index.html" title="Permalink"><i class="material-icons"></i></a></span></h1></div><h4 id="signature" class="signature"><span class="modifier_kind"><span class="modifier"></span> <span class="kind">package</span></span> <span class="symbol"><span class="name">golden</span></span></h4><div id="comment" class="fullcommenttop"><div class="toggleContainer"><div class="toggle block"><span>Linear Supertypes</span><div class="superTypes hiddenContent"><a href="https://www.scala-lang.org/api/2.13.6/scala/AnyRef.html#scala.AnyRef" name="scala.AnyRef" id="scala.AnyRef" class="extype">AnyRef</a>, <a href="https://www.scala-lang.org/api/2.13.6/scala/Any.html#scala.Any" name="scala.Any" id="scala.Any" class="extype">Any</a></div></div></div></div><div id="mbrsel"><div class="toggle"></div><div id="memberfilter"><i class="material-icons arrow"></i><span class="input"><input placeholder="Filter all members" id="mbrsel-input" type="text" accesskey="/"/></span><i class="clear material-icons"></i></div><div id="filterby"><div id="order"><span class="filtertype">Ordering</span><ol><li class="alpha in"><span>Alphabetic</span></li><li class="inherit out"><span>By Inheritance</span></li></ol></div><div class="ancestors"><span class="filtertype">Inherited<br/></span><ol id="linearization"><li class="in" name="zio.json.golden"><span>golden</span></li><li class="in" name="scala.AnyRef"><span>AnyRef</span></li><li class="in" name="scala.Any"><span>Any</span></li></ol></div><div class="ancestors"><span class="filtertype"></span><ol><li class="hideall out"><span>Hide All</span></li><li class="showall in"><span>Show All</span></li></ol></div><div id="visbl"><span class="filtertype">Visibility</span><ol><li class="public in"><span>Public</span></li><li class="protected out"><span>Protected</span></li></ol></div></div></div><div id="template"><div id="allMembers"><div id="types" class="types members"><h3>Type Members</h3><ol><li class="indented0 " name="zio.json.golden.GoldenConfiguration" group="Ungrouped" fullComment="no" data-isabs="false" visbl="pub"><a id="GoldenConfigurationextendsProductwithSerializable" class="anchorToMember"></a><a id="GoldenConfiguration:GoldenConfiguration" class="anchorToMember"></a> <span class="permalink"><a href="../../../zio/json/golden/GoldenConfiguration.html" title="Permalink"><i class="material-icons"></i></a></span> <span class="modifier_kind"><span class="modifier">final </span> <span class="kind">case class</span></span> <span class="symbol"><a href="GoldenConfiguration.html" title=""><span class="name">GoldenConfiguration</span></a><span class="params">(<span name="relativePath">relativePath: <span name="scala.Predef.String" class="extype">String</span></span>, <span name="sampleSize">sampleSize: <a href="https://www.scala-lang.org/api/2.13.6/scala/Int.html#scala.Int" name="scala.Int" id="scala.Int" class="extype">Int</a></span>)</span><span class="result"> extends <a href="https://www.scala-lang.org/api/2.13.6/scala/Product.html#scala.Product" name="scala.Product" id="scala.Product" class="extype">Product</a> with <span name="scala.Serializable" class="extype">Serializable</span></span></span></li><li class="indented0 " name="zio.json.golden.GoldenSample" group="Ungrouped" fullComment="no" data-isabs="false" visbl="pub"><a id="GoldenSampleextendsProductwithSerializable" class="anchorToMember"></a><a id="GoldenSample:GoldenSample" class="anchorToMember"></a> <span class="permalink"><a href="../../../zio/json/golden/GoldenSample.html" title="Permalink"><i class="material-icons"></i></a></span> <span class="modifier_kind"><span class="modifier"></span> <span class="kind">case class</span></span> <span class="symbol"><a href="GoldenSample.html" title=""><span class="name">GoldenSample</span></a><span class="params">(<span name="samples">samples: <a href="../ast/Json.html" name="zio.json.ast.Json" id="zio.json.ast.Json" class="extype">Json</a></span>)</span><span class="result"> extends <a href="https://www.scala-lang.org/api/2.13.6/scala/Product.html#scala.Product" name="scala.Product" id="scala.Product" class="extype">Product</a> with <span name="scala.Serializable" class="extype">Serializable</span></span></span></li></ol></div><div class="values members"><h3>Value Members</h3><ol><li class="indented0 " name="zio.json.golden#goldenTest" group="Ungrouped" fullComment="no" data-isabs="false" visbl="pub"><a id="goldenTest[A](gen:zio.test.Gen[zio.test.Sized,A])(implicitevidence$1:reflect.runtime.universe.TypeTag[A],implicitevidence$2:zio.json.JsonEncoder[A],implicittrace:zio.Trace,implicitconfig:zio.json.golden.GoldenConfiguration):zio.test.Spec[zio.test.TestEnvironment,Throwable]" class="anchorToMember"></a><a id="goldenTest[A](Gen[Sized,A])(scala.reflect.api.JavaUniverse.TypeTag[A],JsonEncoder[A],Trace,GoldenConfiguration):Spec[TestEnvironment,Throwable]" class="anchorToMember"></a> <span class="permalink"><a href="../../../zio/json/golden/index.html#goldenTest[A](gen:zio.test.Gen[zio.test.Sized,A])(implicitevidence$1:reflect.runtime.universe.TypeTag[A],implicitevidence$2:zio.json.JsonEncoder[A],implicittrace:zio.Trace,implicitconfig:zio.json.golden.GoldenConfiguration):zio.test.Spec[zio.test.TestEnvironment,Throwable]" title="Permalink"><i class="material-icons"></i></a></span> <span class="modifier_kind"><span class="modifier"></span> <span class="kind">def</span></span> <span class="symbol"><span class="name">goldenTest</span><span class="tparams">[<span name="A">A</span>]</span><span class="params">(<span name="gen">gen: <a href="https://javadoc.io/page/dev.zio/zio-test_2.13/2.0.2/zio/test/Gen.html#zio.test.Gen" name="zio.test.Gen" id="zio.test.Gen" class="extype">Gen</a>[<a href="https://javadoc.io/page/dev.zio/zio-test_2.13/2.0.2/zio/test/Sized.html#zio.test.Sized" name="zio.test.Sized" id="zio.test.Sized" class="extype">Sized</a>, <span name="zio.json.golden.goldenTest.A" class="extype">A</span>]</span>)</span><span class="params">(<span class="implicit">implicit </span><span name="arg0">arg0: <span name="scala.reflect.api.TypeTags.TypeTag" class="extype">scala.reflect.api.JavaUniverse.TypeTag</span>[<span name="zio.json.golden.goldenTest.A" class="extype">A</span>]</span>, <span name="arg1">arg1: <a href="../JsonEncoder.html" name="zio.json.JsonEncoder" id="zio.json.JsonEncoder" class="extype">JsonEncoder</a>[<span name="zio.json.golden.goldenTest.A" class="extype">A</span>]</span>, <span name="trace">trace: <a href="../../index.html#Trace=zio.internal.stacktracer.Tracer.instance.Typewithzio.internal.stacktracer.Tracer.Traced" name="zio.Trace" id="zio.Trace" class="extmbr">Trace</a></span>, <span name="config">config: <a href="GoldenConfiguration.html" name="zio.json.golden.GoldenConfiguration" id="zio.json.golden.GoldenConfiguration" class="extype">GoldenConfiguration</a></span>)</span><span class="result">: <a href="https://javadoc.io/page/dev.zio/zio-test_2.13/2.0.2/zio/test/Spec.html#zio.test.Spec" name="zio.test.Spec" id="zio.test.Spec" class="extype">Spec</a>[<span name="zio.test.TestEnvironment" class="extype">TestEnvironment</span>, <span name="scala.Throwable" class="extype">Throwable</span>]</span></span></li><li class="indented0 " name="zio.json.golden.BuildInfo" group="Ungrouped" fullComment="no" data-isabs="false" visbl="pub"><a id="BuildInfo" class="anchorToMember"></a><a id="BuildInfo:BuildInfo" class="anchorToMember"></a> <span class="permalink"><a href="../../../zio/json/golden/BuildInfo$.html" title="Permalink"><i class="material-icons"></i></a></span> <span class="modifier_kind"><span class="modifier"></span> <span class="kind">case object</span></span> <span class="symbol"><a href="BuildInfo$.html" title="This object was generated by sbt-buildinfo."><span class="name">BuildInfo</span></a><span class="result"> extends <a href="https://www.scala-lang.org/api/2.13.6/scala/Product.html#scala.Product" name="scala.Product" id="scala.Product" class="extype">Product</a> with <span name="scala.Serializable" class="extype">Serializable</span></span></span><p class="shortcomment cmt">This object was generated by sbt-buildinfo.</p></li><li class="indented0 " name="zio.json.golden.GoldenConfiguration" group="Ungrouped" fullComment="no" data-isabs="false" visbl="pub"><a id="GoldenConfiguration" class="anchorToMember"></a><a id="GoldenConfiguration:GoldenConfiguration" class="anchorToMember"></a> <span class="permalink"><a href="../../../zio/json/golden/GoldenConfiguration$.html" title="Permalink"><i class="material-icons"></i></a></span> <span class="modifier_kind"><span class="modifier"></span> <span class="kind">object</span></span> <span class="symbol"><a href="GoldenConfiguration$.html" title=""><span class="name">GoldenConfiguration</span></a><span class="result"> extends <a href="https://docs.oracle.com/javase/8/docs/api/java/io/Serializable.html#java.io.Serializable" name="java.io.Serializable" id="java.io.Serializable" class="extype">Serializable</a></span></span></li><li class="indented0 " name="zio.json.golden.GoldenSample" group="Ungrouped" fullComment="no" data-isabs="false" visbl="pub"><a id="GoldenSample" class="anchorToMember"></a><a id="GoldenSample:GoldenSample" class="anchorToMember"></a> <span class="permalink"><a href="../../../zio/json/golden/GoldenSample$.html" title="Permalink"><i class="material-icons"></i></a></span> <span class="modifier_kind"><span class="modifier"></span> <span class="kind">object</span></span> <span class="symbol"><a href="GoldenSample$.html" title=""><span class="name">GoldenSample</span></a><span class="result"> extends <a href="https://docs.oracle.com/javase/8/docs/api/java/io/Serializable.html#java.io.Serializable" name="java.io.Serializable" id="java.io.Serializable" class="extype">Serializable</a></span></span></li><li class="indented0 " name="zio.json.golden.filehelpers" group="Ungrouped" fullComment="no" data-isabs="false" visbl="pub"><a id="filehelpers" class="anchorToMember"></a><a id="filehelpers:filehelpers" class="anchorToMember"></a> <span class="permalink"><a href="../../../zio/json/golden/filehelpers$.html" title="Permalink"><i class="material-icons"></i></a></span> <span class="modifier_kind"><span class="modifier"></span> <span class="kind">object</span></span> <span class="symbol"><a href="filehelpers$.html" title=""><span class="name">filehelpers</span></a></span></li></ol></div></div><div id="inheritedMembers"><div name="scala.AnyRef" class="parent"><h3>Inherited from <a href="https://www.scala-lang.org/api/2.13.6/scala/AnyRef.html#scala.AnyRef" name="scala.AnyRef" id="scala.AnyRef" class="extype">AnyRef</a></h3></div><div name="scala.Any" class="parent"><h3>Inherited from <a href="https://www.scala-lang.org/api/2.13.6/scala/Any.html#scala.Any" name="scala.Any" id="scala.Any" class="extype">Any</a></h3></div></div><div id="groupedMembers"><div name="Ungrouped" class="group"><h3>Ungrouped</h3></div></div></div><div id="tooltip"></div><div id="footer"></div></body></div></div></div></body></html>
